src/app/(main)/projects/page.tsx(41,36): error TS2322: Type '"secondary"' is not assignable to type '"mustard" | "teal" | "tangerine" | "default" | null | undefined'.
